06-20 08:24:37.093 10106 10127 I TestRunner: started: trashScreen_showsDaysLeftCaption(com.example.myapplication.ui.GalleryScreensTest)
06-20 08:24:37.150 10106 10127 W FileTestStorage: Output properties is not supported.
06-20 08:24:37.150 10106 10127 I Tracing : Tracer added: class androidx.test.platform.tracing.AndroidXTracer
06-20 08:24:37.156 10106 10106 D EventInjectionStrategy: Creating injection strategy with input manager.
06-20 08:24:37.156 10106 10106 W e.myapplication: Accessing hidden method Landroid/hardware/input/InputManager;->getInstance()Landroid/hardware/input/InputManager; (unsupported, reflection, allowed)
06-20 08:24:37.158 10106 10106 W e.myapplication: Accessing hidden method Landroid/hardware/input/InputManager;->injectInputEvent(Landroid/view/InputEvent;I)Z (unsupported, reflection, allowed)
06-20 08:24:37.158 10106 10106 W e.myapplication: Accessing hidden field Landroid/hardware/input/InputManager;->INJECT_INPUT_EVENT_MODE_WAIT_FOR_FINISH:I (unsupported, reflection, allowed)
06-20 08:24:37.164 10106 10106 W e.myapplication: Accessing hidden method Landroid/os/MessageQueue;->next()Landroid/os/Message; (unsupported, reflection, allowed)
06-20 08:24:37.164 10106 10106 W e.myapplication: Accessing hidden field Landroid/os/MessageQueue;->mMessages:Landroid/os/Message; (unsupported, reflection, allowed)
06-20 08:24:37.164 10106 10106 W e.myapplication: Accessing hidden method Landroid/os/Message;->recycleUnchecked()V (unsupported, reflection, allowed)
06-20 08:24:37.168 10106 10127 D IdlingRegistry: Registering idling resources: [androidx.compose.ui.test.EspressoLink@78eabac]
06-20 08:24:37.189 10106 10127 W Settings: Setting always_finish_activities has moved from android.provider.Settings.System to android.provider.Settings.Global, returning read-only value.
06-20 08:24:37.221  5397  5443 D SplashScreenView: Build android.window.SplashScreenView{a8eb48d V.E...... ......ID 0,0-0,0}
06-20 08:24:37.221  5397  5443 D SplashScreenView: Icon: view: null drawable: null size: 0
06-20 08:24:37.221  5397  5443 D SplashScreenView: Branding: view: android.view.View{bd40642 G.ED..... ......I. 0,0-0,0 #10204ef android:id/splashscreen_branding_view} drawable: null size w: 0 h: 0
06-20 08:24:37.251   424   424 I BpBinder: onLastStrongRef automatically unlinking death recipients:
06-20 08:24:37.271 10106 10106 D LifecycleMonitor: Lifecycle status change: androidx.activity.ComponentActivity@28c77ba in: PRE_ON_CREATE
06-20 08:24:37.272 10106 10106 V ActivityScenario: Activity lifecycle changed event received but ignored because the reported transition was not ON_CREATE while the last known transition was PRE_ON_CREATE
06-20 08:24:37.278 10106 10131 D libEGL  : loaded /vendor/lib64/egl/libEGL_emulation.so
06-20 08:24:37.280 10106 10131 D libEGL  : loaded /vendor/lib64/egl/libGLESv1_CM_emulation.so
06-20 08:24:37.284 10106 10131 D libEGL  : loaded /vendor/lib64/egl/libGLESv2_emulation.so
06-20 08:24:37.302  1174  1670 D EGL_emulation: app_time_stats: avg=325.66ms min=5.86ms max=1855.27ms count=6
06-20 08:24:37.329 10106 10106 D LifecycleMonitor: Lifecycle status change: androidx.activity.ComponentActivity@28c77ba in: CREATED
06-20 08:24:37.330 10106 10106 V ActivityScenario: Update currentActivityStage to CREATED, currentActivity=androidx.activity.ComponentActivity@28c77ba
06-20 08:24:37.332 10106 10106 D LifecycleMonitor: Lifecycle status change: androidx.activity.ComponentActivity@28c77ba in: STARTED
06-20 08:24:37.334 10106 10106 V ActivityScenario: Update currentActivityStage to STARTED, currentActivity=androidx.activity.ComponentActivity@28c77ba
06-20 08:24:37.348 10106 10106 D LifecycleMonitor: Lifecycle status change: androidx.activity.ComponentActivity@28c77ba in: RESUMED
06-20 08:24:37.354 10106 10106 V ActivityScenario: Update currentActivityStage to RESUMED, currentActivity=androidx.activity.ComponentActivity@28c77ba
06-20 08:24:37.377 10106 10106 D CompatibilityChangeReporter: Compat change id reported: 237531167; UID 10198; state: DISABLED
06-20 08:24:37.380 10106 10106 W OpenGLRenderer: Unknown dataspace 0
06-20 08:24:37.458 10106 10129 W OpenGLRenderer: Failed to initialize 101010-2 format, error = EGL_SUCCESS
06-20 08:24:37.461  5397  5445 D EGL_emulation: app_time_stats: avg=424.28ms min=6.32ms max=2925.49ms count=7
06-20 08:24:37.557   161   161 I hwservicemanager: getTransport: Cannot find entry android.hardware.graphics.mapper@4.0::IMapper/default in either framework or device VINTF manifest.
06-20 08:24:37.557 10106 10129 I Gralloc4: mapper 4.x is not supported
06-20 08:24:37.674  5397  5445 D EGL_emulation: app_time_stats: avg=43961.43ms min=1.37ms max=439386.84ms count=10
06-20 08:24:37.838   588   618 W ziparchive: Unable to open '/data/app/~~fyD5JNMen7HfUjAUZALY2w==/com.example.myapplication-a7QMq2sR-UoMLKTlemSNbg==/base.dm': No such file or directory
06-20 08:24:37.841   588   618 I ActivityTaskManager: Displayed com.example.myapplication/androidx.activity.ComponentActivity for user 0: +637ms
06-20 08:24:37.855   929  1256 D BtGatt.ScanManager: uid 10128 isForeground true scanMode -1
06-20 08:24:37.855   588   961 I ImeTracker: com.example.myapplication:748faa41: onRequestHide at ORIGIN_SERVER_HIDE_INPUT reason HIDE_UNSPECIFIED_WINDOW
06-20 08:24:37.855   588   961 I ImeTracker: com.example.myapplication:748faa41: onCancelled at PHASE_SERVER_SHOULD_HIDE
06-20 08:24:37.859  1174  1871 D OneSearchSuggestProvider: Shut down the binder channel
06-20 08:24:37.859  1174  1186 I IPCThreadState: oneway function results for code 2 on binder at 0x7100de69f330 will be dropped but finished with status UNKNOWN_TRANSACTION
06-20 08:24:37.862  1367  1367 I GoogleInputMethodService: GoogleInputMethodService.onFinishInput():3227
06-20 08:24:37.864  1367  1367 I GoogleInputMethodService: GoogleInputMethodService.updateDeviceLockedStatus():2087 repeatCheckTimes = 0, unlocked = true
06-20 08:24:37.864  1367  1367 I GoogleInputMethodService: GoogleInputMethodService.onStartInput():1877 onStartInput(EditorInfo{inputType=0x0(NULL) imeOptions=0x0 privateImeOptions=null actionName=UNSPECIFIED actionLabel=null actionId=0 initialSelStart=-1 initialSelEnd=-1 initialCapsMode=0x0 hintText=null label=null packageName=com.example.myapplication fieldId=0 fieldName=null extras=null}, false)
06-20 08:24:37.864  1367  1367 I GoogleInputMethodService: GoogleInputMethodService.shouldHideHeaderOnInitialState():4008 ShouldHideHeaderOnInitialState = false
06-20 08:24:37.867  1367  1367 I GoogleInputMethodService: GoogleInputMethodService.updateDeviceLockedStatus():2087 repeatCheckTimes = 2, unlocked = true
06-20 08:24:37.877  1174  1225 I ImeTracker: com.google.android.apps.nexuslauncher:5f8bdfa: onRequestHide at ORIGIN_CLIENT_HIDE_SOFT_INPUT reason HIDE_SOFT_INPUT
06-20 08:24:37.891   929  1256 D BtGatt.ScanManager: uid 10128 isForeground true scanMode -1
06-20 08:24:37.896  3004  3377 I FontLog : Received query Noto Color Emoji Compat, URI content://com.google.android.gms.fonts [CONTEXT service_id=132 ]
06-20 08:24:37.900  1174  1225 I ImeTracker: com.google.android.apps.nexuslauncher:5f8bdfa: onFailed at PHASE_CLIENT_VIEW_SERVED
06-20 08:24:37.900  3004  3377 I FontLog : Query [emojicompat-emoji-font] resolved to {Noto Color Emoji Compat, wdth 100.0, wght 400, ital 0.0, bestEffort false} [CONTEXT service_id=132 ]
06-20 08:24:37.905  3004  3377 I FontLog : Fetch {Noto Color Emoji Compat, wdth 100.0, wght 400, ital 0.0, bestEffort false} end status Status{statusCode=SUCCESS, resolution=null} [CONTEXT service_id=132 ]
06-20 08:24:37.920  3004  3377 I FontLog : Pulling font file for id = 24, cache size = 4 [CONTEXT service_id=132 ]
06-20 08:24:37.946  3004  3377 I FontLog : Pulling font file for id = 24, cache size = 4 [CONTEXT service_id=132 ]
06-20 08:24:38.217  5397  5442 W WindowOnBackDispatcher: sendCancelIfRunning: isInProgress=falsecallback=android.view.ViewRootImpl$$ExternalSyntheticLambda17@6bf0c89
06-20 08:24:38.218   588   961 W InputManager-JNI: Input channel object 'a917324 Splash Screen com.example.myapplication (client)' was disposed without first being removed with the input manager!
06-20 08:24:38.418  5397  5397 D StatusBarIconController: ignoring old pipeline callbacks, because the new mobile icons are enabled
06-20 08:24:38.516   588   748 D ConnectivityService: NetReassign [no changes] [c 0] [a 1] [i 3]
06-20 08:24:38.677   516   825 D BufferPoolAccessor2.0: evictor expired: 1, evicted: 0
06-20 08:24:38.689  5397  5445 D EGL_emulation: app_time_stats: avg=33.62ms min=1.40ms max=118.66ms count=21
06-20 08:24:39.102 10106 10121 I OpenGLRenderer: Davey! duration=1163ms; Flags=0, FrameTimelineVsyncId=2338851, IntendedVsync=7620900369351, Vsync=7621200369339, InputEventId=0, HandleInputStart=7621205702157, AnimationStart=7621205709040, PerformTraversalsStart=7621205714120, DrawStart=7621541004757, FrameDeadline=7620917036017, FrameInterval=7621205129685, FrameStartTime=16666666, SyncQueued=7621550626974, SyncStart=7621551386321, IssueDrawCommandsStart=7621551609778, SwapBuffers=7621877951782, FrameCompleted=7622064844800, DequeueBufferDuration=3082, QueueBufferDuration=372668, GpuCompleted=7622064844800, SwapBuffersCompleted=7622052982029, DisplayPresentTime=0, CommandSubmissionCompleted=7621877951782,
06-20 08:24:39.136  5397  5443 D SplashScreenView: Build android.window.SplashScreenView{7bae1f0 V.E...... ......ID 0,0-0,0}
06-20 08:24:39.136  5397  5443 D SplashScreenView: Icon: view: null drawable: null size: 0
06-20 08:24:39.136  5397  5443 D SplashScreenView: Branding: view: android.view.View{b098369 G.ED..... ......I. 0,0-0,0 #10204ef android:id/splashscreen_branding_view} drawable: null size w: 0 h: 0
06-20 08:24:39.149 10106 10106 D LifecycleMonitor: Lifecycle status change: androidx.activity.ComponentActivity@28c77ba in: PAUSED
06-20 08:24:39.149 10106 10106 V ActivityScenario: Update currentActivityStage to PAUSED, currentActivity=androidx.activity.ComponentActivity@28c77ba
06-20 08:24:39.161   424   424 I BpBinder: onLastStrongRef automatically unlinking death recipients:
06-20 08:24:39.171   359   359 D Zygote  : Forked child process 10145
06-20 08:24:39.254 10145 10145 I pplication.test: Late-enabling -Xcheck:jni
06-20 08:24:39.282 10145 10145 I pplication.test: Using CollectorTypeCC GC.
06-20 08:24:39.285 10145 10145 W pplication.test: Unexpected CPU variant for x86: x86_64.
06-20 08:24:39.285 10145 10145 W pplication.test: Known variants: atom, sandybridge, silvermont, goldmont, goldmont-plus, tremont, kabylake, default
06-20 08:24:39.345  5338  5346 I adbd    : jdwp connection from 10145
06-20 08:24:39.384 10145 10145 D CompatibilityChangeReporter: Compat change id reported: 171979766; UID 10199; state: ENABLED
06-20 08:24:39.385 10145 10145 D CompatibilityChangeReporter: Compat change id reported: 242716250; UID 10199; state: ENABLED
06-20 08:24:39.399 10145 10145 W ziparchive: Unable to open '/data/app/~~yJrySOxARdPtsyc96SDMpg==/com.example.myapplication.test-qSZgD8-3LwTnJtSaqdKA6w==/base.dm': No such file or directory
06-20 08:24:39.399 10145 10145 W ziparchive: Unable to open '/data/app/~~yJrySOxARdPtsyc96SDMpg==/com.example.myapplication.test-qSZgD8-3LwTnJtSaqdKA6w==/base.dm': No such file or directory
06-20 08:24:39.414 10145 10145 D nativeloader: Configuring clns-6 for other apk /data/app/~~yJrySOxARdPtsyc96SDMpg==/com.example.myapplication.test-qSZgD8-3LwTnJtSaqdKA6w==/base.apk. target_sdk_version=36, uses_libraries=, library_path=/data/app/~~yJrySOxARdPtsyc96SDMpg==/com.example.myapplication.test-qSZgD8-3LwTnJtSaqdKA6w==/lib/x86_64, permitted_path=/data:/mnt/expand:/data/user/0/com.example.myapplication.test
06-20 08:24:39.430 10145 10145 V GraphicsEnvironment: Currently set values for:
06-20 08:24:39.431 10145 10145 V GraphicsEnvironment:   angle_gl_driver_selection_pkgs=[]
06-20 08:24:39.431 10145 10145 V GraphicsEnvironment:   angle_gl_driver_selection_values=[]
06-20 08:24:39.434 10145 10145 V GraphicsEnvironment: ANGLE GameManagerService for com.example.myapplication.test: false
06-20 08:24:39.434 10145 10145 V GraphicsEnvironment: com.example.myapplication.test is not listed in per-application setting
06-20 08:24:39.434 10145 10145 V GraphicsEnvironment: Neither updatable production driver nor prerelease driver is supported.
06-20 08:24:39.475 10145 10167 D libEGL  : loaded /vendor/lib64/egl/libEGL_emulation.so
06-20 08:24:39.481 10145 10167 D libEGL  : loaded /vendor/lib64/egl/libGLESv1_CM_emulation.so
06-20 08:24:39.492 10145 10167 D libEGL  : loaded /vendor/lib64/egl/libGLESv2_emulation.so
06-20 08:24:39.569 10145 10145 D CompatibilityChangeReporter: Compat change id reported: 237531167; UID 10199; state: DISABLED
06-20 08:24:39.571 10145 10145 W OpenGLRenderer: Unknown dataspace 0
06-20 08:24:39.596   929  1256 D BtGatt.ScanManager: uid 10128 isForeground true scanMode -1
06-20 08:24:39.624   929  1256 D BtGatt.ScanManager: uid 10128 isForeground true scanMode -1
06-20 08:24:39.625  3004  3004 D BoundBrokerSvc: onUnbind: Intent { act=com.google.android.contextmanager.service.ContextManagerService.START pkg=com.google.android.gms }
06-20 08:24:39.645   424   700 W ServiceManagerCppClient: Permission failure: android.permission.ROTATE_SURFACE_FLINGER from uid=10199 pid=0
06-20 08:24:39.645   424   700 D PermissionCache: checking android.permission.ROTATE_SURFACE_FLINGER for uid=10199 => denied (929 us)
06-20 08:24:39.646   424   438 W ServiceManagerCppClient: Permission failure: android.permission.ROTATE_SURFACE_FLINGER from uid=10199 pid=10145
06-20 08:24:39.646   424   700 W ServiceManagerCppClient: Permission failure: android.permission.INTERNAL_SYSTEM_WINDOW from uid=10199 pid=0
06-20 08:24:39.646   424   700 D PermissionCache: checking android.permission.INTERNAL_SYSTEM_WINDOW for uid=10199 => denied (740 us)
06-20 08:24:39.646   424   438 D PermissionCache: checking android.permission.ROTATE_SURFACE_FLINGER for uid=10199 => denied (1056 us)
06-20 08:24:39.649   424   438 W ServiceManagerCppClient: Permission failure: android.permission.ACCESS_SURFACE_FLINGER from uid=10199 pid=10145
06-20 08:24:39.649   424   438 D PermissionCache: checking android.permission.ACCESS_SURFACE_FLINGER for uid=10199 => denied (2454 us)
06-20 08:24:39.650   424   700 W ServiceManagerCppClient: Permission failure: android.permission.ACCESS_SURFACE_FLINGER from uid=10199 pid=0
06-20 08:24:39.650   424   700 D PermissionCache: checking android.permission.ACCESS_SURFACE_FLINGER for uid=10199 => denied (4087 us)
06-20 08:24:39.666 10145 10165 W OpenGLRenderer: Failed to initialize 101010-2 format, error = EGL_SUCCESS
06-20 08:24:39.690  5397  5445 D EGL_emulation: app_time_stats: avg=16.20ms min=1.57ms max=76.52ms count=34
06-20 08:24:39.695   161   161 I hwservicemanager: getTransport: Cannot find entry android.hardware.graphics.mapper@4.0::IMapper/default in either framework or device VINTF manifest.
06-20 08:24:39.695 10145 10165 I Gralloc4: mapper 4.x is not supported
06-20 08:24:39.977   588   985 W ServiceManagerCppClient: Permission failure: android.permission.ROTATE_SURFACE_FLINGER from uid=10199 pid=0
06-20 08:24:39.977   588   985 D PermissionCache: checking android.permission.ROTATE_SURFACE_FLINGER for uid=10199 => denied (223 us)
06-20 08:24:39.977   588   985 W ServiceManagerCppClient: Permission failure: android.permission.INTERNAL_SYSTEM_WINDOW from uid=10199 pid=0
06-20 08:24:39.977   588   985 D PermissionCache: checking android.permission.INTERNAL_SYSTEM_WINDOW for uid=10199 => denied (48 us)
06-20 08:24:39.978   588   985 W ServiceManagerCppClient: Permission failure: android.permission.ACCESS_SURFACE_FLINGER from uid=10199 pid=0
06-20 08:24:39.978   588   985 D PermissionCache: checking android.permission.ACCESS_SURFACE_FLINGER for uid=10199 => denied (21 us)
06-20 08:24:40.016   588  1564 W AppSearchIcing: icing-search-engine.cc:283: Error: 5, Message: Document (com.google.android.googlequicksearchbox$OneSearchZeroStateGoogleSuggestions/default, zp) not found.
06-20 08:24:40.017  1174  1871 D OneSearchSuggestProvider: Created the binder channel successfully for end point service =com.google.android.apps.search.googleapp.search.suggest.plugins.onesearch.server.OneSearchSuggestService , mChannel=z1{delegate=s1{logId=97, target=directaddress:///AndroidComponentAddress%5BIntent%20%7B%20act=grpc.io.action.BIND%20cmp=com.google.android.googlequicksearchbox/com.google.android.apps.search.googleapp.search.suggest.plugins.onesearch.server.OneSearchSuggestService%20%7D%5D}} , mOneSearchConnection=X1.T@d5903be
06-20 08:24:40.022  3076  3240 I AiAiEcho: Predicting[0]:
06-20 08:24:40.023  3076  3240 I AiAiEcho: EchoTargets:
06-20 08:24:40.023  3076  3240 I AiAiEcho: Filtered by AiAi flag check:
06-20 08:24:40.024  3076  3240 I AiAiEcho: Ranked targets strategy: SORT, count: 0, ranking metadata:
06-20 08:24:40.053  3076  3240 I AiAiEcho: #postPredictionTargets: Sending updates to UISurface home with targets# 0 (types=[])
06-20 08:24:40.091  1732  1732 I A       : Created gRPC endpoint to "search" for service class com.google.android.apps.search.googleapp.search.suggest.plugins.onesearch.server.OneSearchSuggestService
06-20 08:24:40.098  1732  1732 W A       : Can't get WAA status for Mavatar!
06-20 08:24:40.098  1732  1732 W A       : java.lang.NullPointerException: Attempt to invoke virtual method 'java.lang.Class java.lang.Object.getClass()' on a null object reference
06-20 08:24:40.098  1732  1732 W A       : 	at com.google.apps.tiktok.dataservice.z.b(PG:1)
06-20 08:24:40.098  1732  1732 W A       : 	at com.google.apps.tiktok.dataservice.at.a(PG:1)
06-20 08:24:40.098  1732  1732 W A       : 	at com.google.apps.tiktok.tracing.ec.a(PG:2)
06-20 08:24:40.098  1732  1732 W A       : 	at com.google.common.util.concurrent.aj.a(PG:2)
06-20 08:24:40.098  1732  1732 W A       : 	at com.google.common.util.concurrent.ac.apply(PG:1)
06-20 08:24:40.098  1732  1732 W A       : 	at com.google.common.util.concurrent.h.e(PG:2)
06-20 08:24:40.098  1732  1732 W A       : 	at com.google.common.util.concurrent.j.run(PG:9)
06-20 08:24:40.098  1732  1732 W A       : 	at com.google.common.util.concurrent.bf.execute(PG:1)
06-20 08:24:40.098  1732  1732 W A       : 	at com.google.common.util.concurrent.d.i(PG:1)
06-20 08:24:40.098  1732  1732 W A       : 	at com.google.common.util.concurrent.d.l(PG:12)
06-20 08:24:40.098  1732  1732 W A       : 	at com.google.common.util.concurrent.d.n(PG:2)
06-20 08:24:40.098  1732  1732 W A       : 	at com.google.common.util.concurrent.i.f(PG:1)
06-20 08:24:40.098  1732  1732 W A       : 	at com.google.common.util.concurrent.j.run(PG:12)
06-20 08:24:40.098  1732  1732 W A       : 	at com.google.android.libraries.i.ae.run(PG:1)
06-20 08:24:40.098  1732  1732 W A       : 	at java.util.concurrent.ThreadPoolExecutor.runWorker(ThreadPoolExecutor.java:1145)
06-20 08:24:40.098  1732  1732 W A       : 	at java.util.concurrent.ThreadPoolExecutor$Worker.run(ThreadPoolExecutor.java:644)
06-20 08:24:40.098  1732  1732 W A       : 	at com.google.android.libraries.i.k.run(PG:2)
06-20 08:24:40.098  1732  1732 W A       : 	at com.google.android.libraries.i.p.run(PG:4)
06-20 08:24:40.098  1732  1732 W A       : 	at java.lang.Thread.run(Thread.java:1012)
06-20 08:24:40.182 10106 10106 D LifecycleMonitor: Lifecycle status change: androidx.activity.ComponentActivity@28c77ba in: STOPPED
06-20 08:24:40.183 10106 10106 V ActivityScenario: Update currentActivityStage to STOPPED, currentActivity=androidx.activity.ComponentActivity@28c77ba
06-20 08:24:40.189  1174  1174 D SearchTargetUtil:  query= size=15
06-20 08:24:40.190  1174  1174 D SearchTargetUtil: layoutType=short_icon_row resultType=131072 packageName=com.google.android.googlequicksearchbox extras=Bundle{suggestion_type=33,suggest_truncate_start=false,is_answer=false,is_entity=false,is_personal=false,suggest_raw_text=doj rejects judge oath demand,group_id=web307674,response_id=3cb89ebd-1c85-4008-8b76-caefd7cebc3e,support_query_builder=false,} searchAction=doj rejects judge oath demand searchActionExtras=Bundle{learn_more_url=https://support.google.com/websearch/answer/106230?hl=106230,suggestion_action_text=Report this,should_start_for_result=true,allow_pinning=true,skip_logging_in_target_handler=false,suggestion_action_rpc=2,}ParentID: null targetID: 939ae6f1-0c91-43ab-b6dc-552b396cd02b
06-20 08:24:40.190  1174  1174 D SearchTargetUtil: layoutType=short_icon_row resultType=131072 packageName=com.google.android.googlequicksearchbox extras=Bundle{suggestion_type=33,suggest_truncate_start=false,is_answer=false,is_entity=false,is_personal=false,suggest_raw_text=maple leafs darren raddysh trade,group_id=web307674,response_id=3cb89ebd-1c85-4008-8b76-caefd7cebc3e,support_query_builder=false,} searchAction=maple leafs darren raddysh trade searchActionExtras=Bundle{learn_more_url=https://support.google.com/websearch/answer/106230?hl=106230,suggestion_action_text=Report this,should_start_for_result=true,allow_pinning=true,skip_logging_in_target_handler=false,suggestion_action_rpc=2,}ParentID: null targetID: 92aacaf0-c496-4fb5-a88e-c1c032b5f51f
06-20 08:24:40.190  1174  1174 D SearchTargetUtil: layoutType=short_icon_row resultType=131072 packageName=com.google.android.googlequicksearchbox extras=Bundle{suggestion_type=33,suggest_truncate_start=false,is_answer=false,is_entity=false,is_personal=false,suggest_raw_text=home buyer preferences paint study,group_id=web307674,response_id=3cb89ebd-1c85-4008-8b76-caefd7cebc3e,support_query_builder=false,} searchAction=home buyer preferences paint study searchActionExtras=Bundle{learn_more_url=https://support.google.com/websearch/answer/106230?hl=106230,suggestion_action_text=Report this,should_start_for_result=true,allow_pinning=true,skip_logging_in_target_handler=false,suggestion_action_rpc=2,}ParentID: null targetID: f60c26c5-2328-46a5-9a78-76acc146fe3f
06-20 08:24:40.190  1174  1174 D SearchTargetUtil: layoutType=short_icon_row resultType=131072 packageName=com.google.android.googlequicksearchbox extras=Bundle{suggestion_type=33,suggest_truncate_start=false,is_answer=false,is_entity=false,is_personal=false,suggest_raw_text=commodore callback 8020 flip phone,group_id=web307674,response_id=3cb89ebd-1c85-4008-8b76-caefd7cebc3e,support_query_builder=false,} searchAction=commodore callback 8020 flip phone searchActionExtras=Bundle{learn_more_url=https://support.google.com/websearch/answer/106230?hl=106230,suggestion_action_text=Report this,should_start_for_result=true,allow_pinning=true,skip_logging_in_target_handler=false,suggestion_action_rpc=2,}ParentID: null targetID: 9cf1708f-3fec-47d2-8868-1b324c7d88d3
06-20 08:24:40.190  1174  1174 D SearchTargetUtil: layoutType=short_icon_row resultType=131072 packageName=com.google.android.googlequicksearchbox extras=Bundle{suggestion_type=33,suggest_truncate_start=false,is_answer=false,is_entity=false,is_personal=false,suggest_raw_text=grow garden codes,group_id=web307674,response_id=3cb89ebd-1c85-4008-8b76-caefd7cebc3e,support_query_builder=false,} searchAction=grow garden codes searchActionExtras=Bundle{learn_more_url=https://support.google.com/websearch/answer/106230?hl=106230,suggestion_action_text=Report this,should_start_for_result=true,allow_pinning=true,skip_logging_in_target_handler=false,suggestion_action_rpc=2,}ParentID: null targetID: 4721acf3-c98c-4d37-9bc0-e6039bb24eaf
06-20 08:24:40.190  1174  1174 D SearchTargetUtil: layoutType=short_icon_row resultType=131072 packageName=com.google.android.googlequicksearchbox extras=Bundle{suggestion_type=33,suggest_truncate_start=false,is_answer=false,is_entity=false,is_personal=false,suggest_raw_text=international space station,group_id=web307674,response_id=3cb89ebd-1c85-4008-8b76-caefd7cebc3e,support_query_builder=false,} searchAction=international space station searchActionExtras=Bundle{learn_more_url=https://support.google.com/websearch/answer/106230?hl=106230,suggestion_action_text=Report this,should_start_for_result=true,allow_pinning=true,skip_logging_in_target_handler=false,suggestion_action_rpc=2,}ParentID: null targetID: 048e80ce-dc5d-4a18-a030-a7146394ea16
06-20 08:24:40.190  1174  1174 D SearchTargetUtil: layoutType=short_icon_row resultType=131072 packageName=com.google.android.googlequicksearchbox extras=Bundle{suggestion_type=33,suggest_truncate_start=false,is_answer=false,is_entity=false,is_personal=false,suggest_raw_text=7th infantry division,group_id=web307674,response_id=3cb89ebd-1c85-4008-8b76-caefd7cebc3e,support_query_builder=false,} searchAction=7th infantry division searchActionExtras=Bundle{learn_more_url=https://support.google.com/websearch/answer/106230?hl=106230,suggestion_action_text=Report this,should_start_for_result=true,allow_pinning=true,skip_logging_in_target_handler=false,suggestion_action_rpc=2,}ParentID: null targetID: 8bb3d079-0c0d-41cb-8aeb-917fdf0f99fd
06-20 08:24:40.190  1174  1174 D SearchTargetUtil: layoutType=extra_tall_icon_row resultType=131072 packageName=com.google.android.googlequicksearchbox extras=Bundle{bitmap_url=data:image/png;base64,iVBORw0KGgoAAAANSUhEUgAAAHwAAAB8CAMAAACcwCSMAAAAclBMVEXoGCj////mAADnABvvf4Lwi47+9fXnABjoFCXnAAfnAA/nABLoDyL++/v97u774uP1sLL4ycvtaW73wsT86en1trj0qqzudnrxkpXymp362tvoHyz50tPqQEjsYGbpMz3rTVTwhYnucHTrVVvpLTfzo6UnZf2tAAAEIUlEQVRoge2bXYOqIBCGbbBApQ9Tt7LV1rL//xdPZu3xCNiAws3xvcZ9GhgGmJn1vFm6YpzQKAyDRmFECWduuJxEAN7tcLxnSdwo2Z2q8gIQUm4VzEgARZXl64WobbL8gYBYmgJG4VzFKwn3V+vYZ0CmRxM4H7dD4Le+DxBNaz6F/TeG3Np/98Lp8BSqDRr91I5H06AJVIMLLdcRJvB9BqWm1S+lRTjabJIYoRstYRwbStmWxiqBEX7H4GsE+qHc3OsZ4LeXQltT2zlPx7IfIcds3Tkx8/KediZ0RidhLxZXg1gPqECO0Fr/oIN4IvZikelOPNy1jNuk21S9She9QEtKHfYKWl18+XQlgQ6bca24tnrNKyPgZbIBTGfVNRd89XdRGdwkv/tI8WyyV3LWsmNm1fUoUov0XMPlQHl8J3D4BPfITRyBv1nTo4q9B+p/hHuwEz9E+3ug8LbVhXoEAWdcGHHCLjpdKtje4+dj4F4guHyCvdSAIlo8QwUKzoUogfU48ctW++fMoeAe9EdskfBQGiYWcfs5Ep73RmyQcMU+q5kGXDAACeeFlP2+kODg0ak3IsXBSSWFv/cKDi5sGOSaR/IlX+rB+2HqG3euBfIL6zeQ59GEnPb+bSDD7XPV7Sku6xoND/rHDzLCqUJMI4Leav0/grxEDsAbr8FFuEt/xBl3qg1cWncREh72H1nYGKNwuEYl8mBhtD8Ae65E4mH80rpBYOAg7NYD8t1AZFeVp57bBQGn4smEvb1KbgIvFbgjlQjeht3lnvrm2kb3j/CoEO9BBfoSxX8GDP8EZ3BV/Wyk6dIkzK5dt0E4Cz3Ztz8aryVGJCf65uUzavjjucKkSZRE653IL+Ky1XwQTkLgB4WzaGbDSd3Lh6yL90aVw4tlpgyMV42nUms7HLvG5+ffICGFD8kkKxIF/jvO5odORkkXrvNK64hAcPOPy+v5n/y5JnwbGOfhOKG0l1DRg6fTJt614CPyj6PhozKvI+HVyJzzCHhaTFRqMIDfp6gzmMHzy+gigyl8s7dhNgq+8W1U9VDw1B76EzzfW0QPw7PCKnoAvq3C0G4FWwVf72wbrYbfwbrRavhS96Y0w2f4DJ/hM3yGz/AZPsNn+Ay3KSorRDiCs0CWY3UEl3fnuYGLdSN38EjxPnYBF6uUDuGgaol0AA/7vQgO4eysYjuAyytebuCKLpIWbjsfI3QidORbhos18Y5Ky+kgRftMK60WRwMFA12RyPYfc8FAO+jX9DWFf8TqgVnX7KnVlqqo3ii2PeuqDj0Xhg9ZfrJSTulKHdgNK7VaUh2n6cQVS6kUjbgpcZLrDmStkfHU1VKFZC5XOWI/Jr7fO55xRw+VRoR0OlHSk2feFGAiFkF5SuI4ufs1UKfopzgNm38FtfVfkP+J/gCiGjf8LRV76wAAAABJRU5ErkJggg==,suggestion_type=33,suggest_truncate_start=false,is_answer=false,is_entity=true,is_personal=false,suggest_raw_text=philadelphia phillies,group_id=web307674,response_id=3cb89ebd-1c85-4008-8b76-caefd7cebc3e,support_query_builder=false,} searchAction=Philadelphia Phillies searchActionExtras=Bundle{learn_more_url=https://support.google.com/websearch/answer/106230?hl=106230,suggestion_action_text=Report this,should_start_for_result=true,allow_pinning=true,skip_logging_in_target_handler=false,suggestion_action_rpc=2,}ParentID: null targetID: 21abf8aa-ca7a-4aea-8781-8b53703c3786
06-20 08:24:40.191  1174  1174 D SearchTargetUtil: layoutType=short_icon_row resultType=131072 packageName=com.google.android.googlequicksearchbox extras=Bundle{suggestion_type=33,suggest_truncate_start=false,is_answer=false,is_entity=false,is_personal=false,suggest_raw_text=red lobster restaurant chain turnaround,group_id=web307674,response_id=3cb89ebd-1c85-4008-8b76-caefd7cebc3e,support_query_builder=false,} searchAction=red lobster restaurant chain turnaround searchActionExtras=Bundle{learn_more_url=https://support.google.com/websearch/answer/106230?hl=106230,suggestion_action_text=Report this,should_start_for_result=true,allow_pinning=true,skip_logging_in_target_handler=false,suggestion_action_rpc=2,}ParentID: null targetID: d8bf5cce-d3a5-45bb-a1c5-f64328a0d947
06-20 08:24:40.191  1174  1174 D SearchTargetUtil: layoutType=short_icon_row resultType=131072 packageName=com.google.android.googlequicksearchbox extras=Bundle{suggestion_type=33,suggest_truncate_start=false,is_answer=false,is_entity=false,is_personal=false,suggest_raw_text=today wordle answers,group_id=web307674,response_id=3cb89ebd-1c85-4008-8b76-caefd7cebc3e,support_query_builder=false,} searchAction=today wordle answers searchActionExtras=Bundle{learn_more_url=https://support.google.com/websearch/answer/106230?hl=106230,suggestion_action_text=Report this,should_start_for_result=true,allow_pinning=true,skip_logging_in_target_handler=false,suggestion_action_rpc=2,}ParentID: null targetID: 9b086565-cf78-44e1-b75f-820d16228be0
06-20 08:24:40.191  1174  1174 D SearchTargetUtil: layoutType=short_icon_row resultType=131072 packageName=com.google.android.googlequicksearchbox extras=Bundle{suggestion_type=33,suggest_truncate_start=false,is_answer=false,is_entity=false,is_personal=false,suggest_raw_text=tropical storm arthur wikipedia,group_id=web307674,response_id=3cb89ebd-1c85-4008-8b76-caefd7cebc3e,support_query_builder=false,} searchAction=tropical storm arthur wikipedia searchActionExtras=Bundle{learn_more_url=https://support.google.com/websearch/answer/106230?hl=106230,suggestion_action_text=Report this,should_start_for_result=true,allow_pinning=true,skip_logging_in_target_handler=false,suggestion_action_rpc=2,}ParentID: null targetID: 17ccfc3c-a099-4f69-9848-9cfbdeb28a6f
06-20 08:24:40.191  1174  1174 D SearchTargetUtil: layoutType=extra_tall_icon_row resultType=131072 packageName=com.google.android.googlequicksearchbox extras=Bundle{bitmap_url=data:image/jpeg;base64,/9j/4AAQSkZJRgABAQAAAQABAAD/2wCEAAkGBwgHBgkIBwgKCgkLDRYPDQwMDRsUFRAWIB0iIiAdHx8kKDQsJCYxJx8fLT0tMTU3Ojo6Iys/RD84QzQ5OjcBCgoKDQwNGg8PGjclHyU3Nzc3Nzc3Nzc3Nzc3Nzc3Nzc3Nzc3Nzc3Nzc3Nzc3Nzc3Nzc3Nzc3Nzc3Nzc3Nzc3N//AABEIAF4AfAMBEQACEQEDEQH/xAAcAAABBQEBAQAAAAAAAAAAAAAGAAMEBQcIAQL/xABKEAABAwMDAAUFCgsFCQAAAAABAgMEAAURBhIhBxMiMUEUFVFhgTI1VXGCkZOhsdIjJEJTcnN0krKz0RZSdaLBFyc2N0NiZGV2/8QAGgEAAgMBAQAAAAAAAAAAAAAAAAUBAgQDBv/EADkRAAIBAgMDBwoGAwEAAAAAAAABAgMRBBIxEyFBBRVxgZGx0RQiMjNRUlNhktJCYqHB4fAjJHLx/9oADAMBAAIRAxEAPwD71JpyDZr9c43myG8Hvx6Ip5snLZOHEDBHuFc/oqqyhKtiKanVlGMvN81pedw1T106TTtJqg5QSbW/f7OPFaFJtg/Alr+hV96nHMkPj1Pqj9pg5wr+7HsfiLbB+BLX9Cr71HMkPj1Pqj9oc4V/dj2PxPNsH4Etf0KvvVPMkPj1Pqj9oc4V/dj2PxDfo4uTNtuqYDaEswbmkqbaT7lqSgdpI9AWkBQ/RNKKlKdGpOjNuTjvTeri9OtPcbG1VpRqpdPSanXM4gzr+7O22yeTQXNlxuC/JYp8UEjtOfJTk/HijNGEXUlot/8AHW9x0pU3Umoox1xm1srLUWzW9bKOyhbralLUBxkncOTTWhyNOdOMq9eam97Sasn7F5r3LQ4VOUJqbVOKtwun4o82wfgS1/Qq+9XXmSHx6n1R+0pzhX92PY/EW2D8CWv6FX3qOZIfHqfVH7Q5wr+7HsfiOssQVMvOqsVuUUgIaQhpQU48o7UJGVHvJ+al3KGB8nyQpV6maT4tWSW9v0V/60bMJiKtZyc4xyr5Pq4nr2noVhduMN6JFmPxpDLRW+gkZLCVqxgjA3E1NOjLGYpU3UlGOVvzWtc1uKfAmtXlTobSKTd7b+jpQxtg/Alr+hV96mPMkPj1Pqj9pi5xre7HsfiLbB+BLX9Cr71HMkPj1Pqj9oc41vdj2PxFtg/Alr+hV96o5kh8ep2x+0Oca3ux7H4g1rRiPHurIix246HIrThbaGE7lDJxWTAqaVSEpOWWckm9bJ7hnmbjGWl0n2o6D6R7UuZZkXGI3vm2tZkNpA5cRjDjfyk549IFYlFTTpvj+j4PqZwoVMk0zKXmmwoKYVvYcAW0r0oPIr0uExLrUVKWuj6VqZ8RhlTqOK04dA3s9Vacxx2QtnqozBsh+GJj7Dwt8Sc6ppYW09HiOOJafQcp5SMd/B+OkvKMqc5RlF+dHueq/dG/CxVNShN2T7+BqKNdxI9vafulsvMVZSgOhVtd2oWrA27tuD2jgemlmTfuKZFfc+/wA3VMy53m+PzG7Pdww0yI8NKoDowlXLiz2eCSAn4h6660VT2kNp6Kd382tOridouEaUkpLM93HTjwBgodEwQjDmiYRuEXyVzrdv8Ae2Yzt9fdT7y+ja9zD5N81/f1H1W65JSVKs12wP8AwHfu1XnGh7Q8mXvL9fAYiIfmRDLiW+4PR+1+FbhulPZ4PO3wwaOcKPtDyZe8v18C80zIgwrtAm31uVAtsVCn23pUR1ttyQeBlRTgbU5xnvJ4pLiKjrVpVPbuXR/LN1oxoqnB79Xw7yU7Bc1JrNzdb7si1z7gh1TxjOsDq0xtuSogY7aRXJSlTmpxdvNt+tyc8I0Mu5u/s8UMa509C09eIDFtVI6t+M6tYeeU5ylSAMZ7u80z5Or1J1HmdzNNKdN7lw4IodlOMxk2YtlGYNmDWuDm7MeqGyP8tIsOrSq/9y7xy42hBflXcdVEZ76WC8xS/WnzLeZdqSnDCSZML0dSs8o+QrIx6CKaYKraV/e7/wCRjFLEUPzR7v4K3ZTXMZ9kLZRmDZGjaAkKhdGxlNJSVs+WOJBHBIdcPNebresZyq+sfSSdXSFy9DRpLgAW87AcUE92S+0TiqR9IotQllmb5TD8kDHUdYfKuszu2bFY2Y8d+3v8M1UgEbtOko6TIzNphszJabO51ode6oNIU6gglW1Wckd2Kul5u8labwntDl2cMhV3jxGBvHUIjvKc7OBncSkc5z3DuqrtwB2KXRzpj6aubqAMt3G4KAPdxIcoDiM6jlrufRsibISgOSY8V5aUjshSlNqOM+s1K3SBal3erk9An2ZhpKFJnTTHcKs5SnqnF5HrygVCV7gAvSuM6htP7G//ABt0w5Of+RnalHNGXUCO2nFy2yFtozBsgR1tzd2/2Zv7KW01Zz/6febaysoL8q7jqylApA3pNtKpVmRdIqCqXbCXgAOXGiMOI/d5+NIrtQnlnb2mnCVtlVT4cTO07FpStshSFAKSR3EGncZ3Q1qUMsrLT9j3Z6qnMU2Ye9HbSLh0dmGh1ILipbKlDnYS64OR7c0iq+sYprbqsul95L1lG8j0SzF3b+ofgt7sYztfaGceyqR9I5rUsL/JfZvmm2mXVobkTXUPJScBaRGeUAfakH2VUgiPrbR0lREqUkLXZngnJ5Vh5virfhJ4F5DivsTZzzstbrUhaFNMqHDACAkgfGQVe2oIB3S3/Cd3/brl/PdoJ4kK5rS30RQ1rUEpTAhlRJwAB1dW/GHEJ7nbhcpVpkpfCRBleUgAZ6zLa0Yznj3ec+qqp2ABulIZ1Haf2N/+Nut2Adps2YOObMugFdlNMxs2QtlGYNkBWtPfkfqUfZWbiy+KVpRXyXcdWUlEZ4pIUCCAQe8GgDE7hbfMN+l2YghlJ66GfSyo8D5Jyn2CmtCpmjc9Fgam3o2ese4Wyu2Y1bIe0zM0tAtIYvWk1yp3XPKcf83NubwXFFPaJyeyRS6dKo5NoR1sFiHUk1Hiy21Jq5q+26LYLFap7cyVJYTH69hKW2w2tLhJAVyAlB4HgK57OUN8jPUw1Wks01YmahZ1vDn2W4uMwb0mHMUsxoLCmVgKaWgnctZHcs+3FUWVnAnNO2vVl7TC1BpJ5iWxGLzS7gltXY3AHbtUfE1G9K6DQprx0WuP3eXJtS7YxDdKS1GdjrPV4SAcEK4yQT3eNdYVUlZq5poYiNNWlBS6St0loyVcLLuRbdPoLch5lxctlx9bi0uFKj2VJATuBAHPAB8aJ1E3dETrRcm1Hu8CZd9Luafty58ywaZuDDakJLDDDjCu0oJBBUpQ4JHh3VVSTZVVI307vA+Huiy4vSnn0uWOOHSCI7cVwoa4AwntDjx9tXVZLdY6xxUYxy7NPpW8rEaIvMTVLdpi+a8ridc7LRGWA2CogJI355Ka6RxOXekXjjVHSCQ9dNN6mtUwMi3G7MqbCg9BQEBKskFJC1+gA8emukcZfU6wx8X6cewr4zjzjklmVEeiSI7vVOsu43JO0K8CR3KFaadVTV0b6Eo14ZogTrLm9q9TaRUopjFaol8l3HVlJTz4qAAfpTtCpFoavEZOZNsUXFADlbJ92PZwr5NaMPPLKz4m3AYjY1k+HEDWFpfZQ6g5SoZFbXKx6/InofeyjMGRDDjj0G5Wq4xVpS7GmtgBSdwUHD1SvqWa5VvOgLuVKKlhm/Zv/b9zUNSTZzFwskKA+2wZ8pxpxxbW/CUsuOcDI8UCl55Qr4TMtnpCQJstMlRtC9qkshvA65PoJzVvwk8Cbp51xeo9UoW4tSG5jAQkqJCR5M0cD0ckn20PRAxjQzaXdOzW1qKUruM9JKTggGQ53GoeoDeshGjaLXEZkBwNeTtpK3dy1AOIHJ7yeO+pjqC1LTUs
06-20 08:24:40.191  1174  1174 D SearchTargetUtil: layoutType=short_icon_row resultType=131072 packageName=com.google.android.googlequicksearchbox extras=Bundle{suggestion_type=33,suggest_truncate_start=false,is_answer=false,is_entity=false,is_personal=false,suggest_raw_text=supreme court drug users guns,group_id=web307674,response_id=3cb89ebd-1c85-4008-8b76-caefd7cebc3e,support_query_builder=false,} searchAction=supreme court drug users guns searchActionExtras=Bundle{learn_more_url=https://support.google.com/websearch/answer/106230?hl=106230,suggestion_action_text=Report this,should_start_for_result=true,allow_pinning=true,skip_logging_in_target_handler=false,suggestion_action_rpc=2,}ParentID: null targetID: 3cc454c4-8a96-4086-9a5a-ffca5e72c327
06-20 08:24:40.192  1174  1174 D SearchTargetUtil: layoutType=short_icon_row resultType=131072 packageName=com.google.android.googlequicksearchbox extras=Bundle{suggestion_type=33,suggest_truncate_start=false,is_answer=false,is_entity=false,is_personal=false,suggest_raw_text=blue bell blackberry cobbler flavor,group_id=web307674,response_id=3cb89ebd-1c85-4008-8b76-caefd7cebc3e,support_query_builder=false,} searchAction=blue bell blackberry cobbler flavor searchActionExtras=Bundle{learn_more_url=https://support.google.com/websearch/answer/106230?hl=106230,suggestion_action_text=Report this,should_start_for_result=true,allow_pinning=true,skip_logging_in_target_handler=false,suggestion_action_rpc=2,}ParentID: null targetID: fe88f6c1-aa0b-4df4-9f2b-d41995d26911
06-20 08:24:40.192  1174  1174 D SearchTargetUtil: layoutType=short_icon_row resultType=131072 packageName=com.google.android.googlequicksearchbox extras=Bundle{suggestion_type=33,suggest_truncate_start=false,is_answer=false,is_entity=false,is_personal=false,suggest_raw_text=nascar naval base coronado,group_id=web307674,response_id=3cb89ebd-1c85-4008-8b76-caefd7cebc3e,support_query_builder=false,} searchAction=nascar naval base coronado searchActionExtras=Bundle{learn_more_url=https://support.google.com/websearch/answer/106230?hl=106230,suggestion_action_text=Report this,should_start_for_result=true,allow_pinning=true,skip_logging_in_target_handler=false,suggestion_action_rpc=2,}ParentID: null targetID: ecf08ac2-06ac-4620-a008-79af3f4fbb74
06-20 08:24:40.203  5397  5445 D EGL_emulation: app_time_stats: avg=256.80ms min=5.80ms max=1880.94ms count=10
06-20 08:24:40.215 10106 10106 D LifecycleMonitor: Lifecycle status change: androidx.activity.ComponentActivity@28c77ba in: DESTROYED
06-20 08:24:40.219 10106 10106 V ActivityScenario: Update currentActivityStage to DESTROYED, currentActivity=null
06-20 08:24:40.231 10106 10106 W WindowOnBackDispatcher: sendCancelIfRunning: isInProgress=falsecallback=android.view.ViewRootImpl$$ExternalSyntheticLambda17@a4de91f
06-20 08:24:40.238   588  1604 I ImeTracker: com.google.android.apps.nexuslauncher:96d9e93e: onRequestHide at ORIGIN_SERVER_HIDE_INPUT reason HIDE_UNSPECIFIED_WINDOW
06-20 08:24:40.239   588  1604 I ImeTracker: com.google.android.apps.nexuslauncher:96d9e93e: onCancelled at PHASE_SERVER_SHOULD_HIDE
06-20 08:24:40.241  1367  1367 I GoogleInputMethodService: GoogleInputMethodService.onFinishInput():3227
06-20 08:24:40.248  1367  1367 I GoogleInputMethodService: GoogleInputMethodService.updateDeviceLockedStatus():2087 repeatCheckTimes = 0, unlocked = true
06-20 08:24:40.249  1367  1367 I GoogleInputMethodService: GoogleInputMethodService.onStartInput():1877 onStartInput(EditorInfo{inputType=0x0(NULL) imeOptions=0x0 privateImeOptions=null actionName=UNSPECIFIED actionLabel=null actionId=0 initialSelStart=-1 initialSelEnd=-1 initialCapsMode=0x0 hintText=null label=null packageName=com.google.android.apps.nexuslauncher fieldId=0 fieldName=null extras=null}, false)
06-20 08:24:40.249  1367  1367 I GoogleInputMethodService: GoogleInputMethodService.shouldHideHeaderOnInitialState():4008 ShouldHideHeaderOnInitialState = false
06-20 08:24:40.251  1367  1367 I GoogleInputMethodService: GoogleInputMethodService.updateDeviceLockedStatus():2087 repeatCheckTimes = 2, unlocked = true
06-20 08:24:40.266   588   985 W InputManager-JNI: Input channel object 'f5419f com.example.myapplication/androidx.activity.ComponentActivity (client)' was disposed without first being removed with the input manager!
06-20 08:24:40.296 10106 10127 D IdlingRegistry: Unregistering idling resources: [androidx.compose.ui.test.EspressoLink@78eabac]
06-20 08:24:40.297 10106 10127 I TestRunner: finished: trashScreen_showsDaysLeftCaption(com.example.myapplication.ui.GalleryScreensTest)
